<?xml version="1.0" encoding="UTF-8"?>
<TestRun id="0b127fd0-454a-4880-a524-c462805ee936" name="sergio@ESCRITORIO 2012-08-22 17:02:09" runUser="Escritorio\sergio" xmlns="http://microsoft.com/schemas/VisualStudio/TeamTest/2010">
  <TestSettings name="Local" id="2bfb6601-999b-4a52-90a5-47a3af1a467c">
    <Description>These are default test settings for a local test run.</Description>
    <Deployment userDeploymentRoot="D:\GitHub\DiarioEscolar\TestResults" useDefaultDeploymentRoot="false" enabled="false" runDeploymentRoot="sergio_ESCRITORIO 2012-08-22 17_02_09">
      <DeploymentItem filename="C:\Program Files (x86)\NUnit 2.6.1\bin\framework\nunit.mocks.dll" />
      <DeploymentItem filename="D:\GitHub\DiarioEscolar\packages\WatiN.2.1.0\lib\net40\Interop.SHDocVw.dll" />
      <DeploymentItem filename="D:\GitHub\DiarioEscolar\packages\SpecFlow.1.9.0\lib\net35\TechTalk.SpecFlow.dll" />
      <DeploymentItem filename="D:\GitHub\DiarioEscolar\packages\WatiN.2.1.0\lib\net40\WatiN.Core.dll" />
      <DeploymentItem filename="C:\Program Files (x86)\NUnit 2.6.1\bin\framework\nunit.framework.dll" />
    </Deployment>
    <Execution>
      <TestTypeSpecific />
      <AgentRule name="Execution Agents">
      </AgentRule>
    </Execution>
  </TestSettings>
  <Times creation="2012-08-22T17:02:09.4480000-03:00" queuing="2012-08-22T17:02:09.7010000-03:00" start="2012-08-22T17:02:09.7330000-03:00" finish="2012-08-22T17:02:26.4420000-03:00" />
  <ResultSummary outcome="Completed">
    <Counters total="1" executed="1" passed="1" error="0" failed="0" timeout="0" aborted="0" inconclusive="0" passedButRunAborted="0" notRunnable="0" notExecuted="0" disconnected="0" warning="0" completed="0" inProgress="0" pending="0" />
  </ResultSummary>
  <TestDefinitions>
    <UnitTest name="CadastrarUmaNovaSerie" storage="d:\github\diarioescolar\diarioescolar.acceptancetests\bin\debug\diarioescolar.acceptancetests.dll" id="8f764d18-4bc0-449a-1460-0e69e095ca70">
      <Description>Cadastrar uma nova Série</Description>
      <TestCategory>
        <TestCategoryItem TestCategory="mytag" />
      </TestCategory>
      <Execution id="40071577-a880-4fda-88ce-b94a45c4f879" />
      <Properties>
        <Property>
          <Key>FeatureTitle</Key>
          <Value>Cadastra de Séries</Value>
        </Property>
      </Properties>
      <TestMethod codeBase="D:/GitHub/DiarioEscolar/DiarioEscolar.AcceptanceTests/bin/Debug/DiarioEscolar.AcceptanceTests.DLL" adapterTypeName="Microsoft.VisualStudio.TestTools.TestTypes.Unit.UnitTestAdapter, Microsoft.VisualStudio.QualityTools.Tips.UnitTest.Adapter, Version=10.0.0.0, Culture=neutral, PublicKeyToken=b03f5f7f11d50a3a" className="DiarioEscolar.AcceptanceTests.Features.CadastraDeSeriesFeature, DiarioEscolar.AcceptanceTests, Version=1.0.0.0, Culture=neutral, PublicKeyToken=null" name="CadastrarUmaNovaSerie" />
    </UnitTest>
  </TestDefinitions>
  <TestLists>
    <TestList name="Results Not in a List" id="8c84fa94-04c1-424b-9868-57a2d4851a1d" />
    <TestList name="All Loaded Results" id="19431567-8539-422a-85d7-44ee4e166bda" />
  </TestLists>
  <TestEntries>
    <TestEntry testId="8f764d18-4bc0-449a-1460-0e69e095ca70" executionId="40071577-a880-4fda-88ce-b94a45c4f879" testListId="8c84fa94-04c1-424b-9868-57a2d4851a1d" />
  </TestEntries>
  <Results>
    <UnitTestResult executionId="40071577-a880-4fda-88ce-b94a45c4f879" testId="8f764d18-4bc0-449a-1460-0e69e095ca70" testName="CadastrarUmaNovaSerie" computerName="ESCRITORIO" duration="00:00:16.2638572" startTime="2012-08-22T17:02:09.7420000-03:00" endTime="2012-08-22T17:02:26.3880000-03:00" testType="13cdc9d9-ddb5-4fa4-a97d-d965ccfc6d4b" outcome="Passed" testListId="8c84fa94-04c1-424b-9868-57a2d4851a1d" relativeResultsDirectory="40071577-a880-4fda-88ce-b94a45c4f879">
      <Output>
        <StdOut>Given Eu estou logado no site Diario Escolar
-&gt; done: CadastraDeSeriesSteps.GivenEuEstouLogadoNoSiteDiarioEscolar() (11.2s)
And Estou na página principal
-&gt; done: CadastraDeSeriesSteps.GivenEstouNaPaginaPrincipal() (0.6s)
When Eu clico no link Séries
-&gt; done: CadastraDeSeriesSteps.WhenEuClicoNoLinkSeries() (1.5s)
And Eu clico no link Cadastrar nova série
-&gt; done: CadastraDeSeriesSteps.WhenEuClicoNoLinkCadastrarNovaSerie() (0.7s)
And Eu preencho o formulário com os seguintes campos
  --- table step argument ---
  | Field | Value |
  | Ano   | 2012  |
  | Serie | 1B    |
-&gt; done: CadastraDeSeriesSteps.WhenEuPreenchoOFormularioComOsSeguintesCampos(&lt;table&gt;) (1.0s)
And Eu clico em Salvar
-&gt; done: CadastraDeSeriesSteps.WhenEuClicoEmSalvar() (1.2s)
Then Eu devo ser redirecionado para a página de listagem de séries e ver a mensagem "Série incluída com sucesso!"
-&gt; done: CadastraDeSeriesSteps.ThenEuDevoSerRedirecionadoParaAPaginaDeListagemDeSeriesEVerAMensagem("Série incluída co...") (0.0s)</StdOut>
      </Output>
    </UnitTestResult>
  </Results>
</TestRun>